// Jest Snapshot v1, https://goo.gl/fbAQLP

exports[`Given a ConfirmationFeedback component When it's rendered Then it should show the ConfirmationFeedback component 1`] = `
<div
  className="sc-bczRLJ bXeUiX"
>
  <span
    className="sc-gsnTZi kACbis"
  >
    Are you sure you want to delete this meme?
  </span>
  <div
    className="sc-dkzDqf csSjQT"
  >
    <button
      className="sc-hKMtZM fUSGxr"
    >
      Yes
    </button>
    <button
      className="sc-hKMtZM fUSGxr"
    >
      No
    </button>
  </div>
</div>
`;
