// Jest Snapshot v1, https://goo.gl/fbAQLP

exports[`Given a MyFavoritesPage page When its rendered on screen Then it should match the snapshoot 1`] = `
Array [
  <div
    className="header-container"
  >
    <header
      className="sc-hKMtZM cklVyW header-container__title-container"
    >
      <h1
        className="sc-jSMfEi kZvA-DQ header-container__title"
      >
        FAVORITE 
        <span
          className="sc-papXJ eRKGXE"
        >
          MEMES
        </span>
      </h1>
    </header>
    <section
      className="sc-gKXOVf iqGkus header-container__section-container"
    >
      <div
        className="sc-iBkjds eITUJN header-container__texts-container"
      >
        <p
          className="sc-ftvSup jccDpC header-container__text"
        >
          Here you can find your selected favorite memes! Click delete to remove a meme from your list.
        </p>
      </div>
      <div
        className="sc-jqUVSM jOaidU header-container__buttons-container"
      >
        <a
          href="/home"
          onClick={[Function]}
        >
          <button
            className="sc-dkzDqf wbqHG"
            onClick={[Function]}
          >
            Main Page
          </button>
        </a>
      </div>
    </section>
  </div>,
  <div
    className="sc-gsnTZi EaBay"
  >
    <ul
      className="meme-list"
    />
  </div>,
]
`;
